##########################################
# (1) LINK INFORMATION                   #
##########################################
c:\program files (x86)\renesas\hew\tools\renesas\nc308wa\v542r00\bin\ln308.exe @E:\projects\atomthreads pull request\atomthreads-master\ports\m32c\hew_tests\hew_tst_sem1\hew_tst_sem1\Debug\hew_tst_sem1.m32cl

# LINK FILE INFORMATION
atomkernel (E:\projects\atomthreads pull request\atomthreads-master\ports\m32c\hew_tests\hew_tst_sem1\hew_tst_sem1\Debug\atomkernel.r30)
	Mar  5 18:52:19 2014

atommutex (E:\projects\atomthreads pull request\atomthreads-master\ports\m32c\hew_tests\hew_tst_sem1\hew_tst_sem1\Debug\atommutex.r30)
	Mar  5 18:52:19 2014

atomport-asm (E:\projects\atomthreads pull request\atomthreads-master\ports\m32c\hew_tests\hew_tst_sem1\hew_tst_sem1\Debug\atomport-asm.r30)
	Mar  5 18:52:21 2014

atomport (E:\projects\atomthreads pull request\atomthreads-master\ports\m32c\hew_tests\hew_tst_sem1\hew_tst_sem1\Debug\atomport.r30)
	Mar  5 18:52:20 2014

atomqueue (E:\projects\atomthreads pull request\atomthreads-master\ports\m32c\hew_tests\hew_tst_sem1\hew_tst_sem1\Debug\atomqueue.r30)
	Mar  5 18:52:20 2014

atomsem (E:\projects\atomthreads pull request\atomthreads-master\ports\m32c\hew_tests\hew_tst_sem1\hew_tst_sem1\Debug\atomsem.r30)
	Mar  5 18:52:20 2014

atomtimer (E:\projects\atomthreads pull request\atomthreads-master\ports\m32c\hew_tests\hew_tst_sem1\hew_tst_sem1\Debug\atomtimer.r30)
	Mar  5 18:52:20 2014

fvector (E:\projects\atomthreads pull request\atomthreads-master\ports\m32c\hew_tests\hew_tst_sem1\hew_tst_sem1\Debug\fvector.r30)
	Mar  5 18:52:20 2014

initsct (E:\projects\atomthreads pull request\atomthreads-master\ports\m32c\hew_tests\hew_tst_sem1\hew_tst_sem1\Debug\initsct.r30)
	Mar  5 18:52:20 2014

intprg (E:\projects\atomthreads pull request\atomthreads-master\ports\m32c\hew_tests\hew_tst_sem1\hew_tst_sem1\Debug\intprg.r30)
	Mar  5 18:52:21 2014

resetprg (E:\projects\atomthreads pull request\atomthreads-master\ports\m32c\hew_tests\hew_tst_sem1\hew_tst_sem1\Debug\resetprg.r30)
	Mar  5 18:52:21 2014

sem1 (E:\projects\atomthreads pull request\atomthreads-master\ports\m32c\hew_tests\hew_tst_sem1\hew_tst_sem1\Debug\sem1.r30)
	Mar  5 18:52:21 2014

tests-main (E:\projects\atomthreads pull request\atomthreads-master\ports\m32c\hew_tests\hew_tst_sem1\hew_tst_sem1\Debug\tests-main.r30)
	Mar  5 18:52:21 2014

init (c:\program files (x86)\renesas\hew\tools\renesas\nc308wa\v542r00\lib308\nc382lib.lib)
	Dec  9 13:29:56 2009

printf (c:\program files (x86)\renesas\hew\tools\renesas\nc308wa\v542r00\lib308\nc382lib.lib)
	Dec  9 13:30:00 2009

device (c:\program files (x86)\renesas\hew\tools\renesas\nc308wa\v542r00\lib308\nc382lib.lib)
	Dec  9 13:29:52 2009

fputc (c:\program files (x86)\renesas\hew\tools\renesas\nc308wa\v542r00\lib308\nc382lib.lib)
	Dec  9 13:29:54 2009

print (c:\program files (x86)\renesas\hew\tools\renesas\nc308wa\v542r00\lib308\nc382lib.lib)
	Dec  9 13:30:00 2009

_f8eq (c:\program files (x86)\renesas\hew\tools\renesas\nc308wa\v542r00\lib308\nc382lib.lib)
	Dec  9 13:29:43 2009

_f8ge (c:\program files (x86)\renesas\hew\tools\renesas\nc308wa\v542r00\lib308\nc382lib.lib)
	Dec  9 13:29:43 2009

_f8lt (c:\program files (x86)\renesas\hew\tools\renesas\nc308wa\v542r00\lib308\nc382lib.lib)
	Dec  9 13:29:43 2009

_f8mul (c:\program files (x86)\renesas\hew\tools\renesas\nc308wa\v542r00\lib308\nc382lib.lib)
	Dec  9 13:29:44 2009

_f8ne (c:\program files (x86)\renesas\hew\tools\renesas\nc308wa\v542r00\lib308\nc382lib.lib)
	Dec  9 13:29:44 2009

_i4modu (c:\program files (x86)\renesas\hew\tools\renesas\nc308wa\v542r00\lib308\nc382lib.lib)
	Dec  9 13:29:46 2009

_i8divu (c:\program files (x86)\renesas\hew\tools\renesas\nc308wa\v542r00\lib308\nc382lib.lib)
	Dec  9 13:29:46 2009

_i8modu (c:\program files (x86)\renesas\hew\tools\renesas\nc308wa\v542r00\lib308\nc382lib.lib)
	Dec  9 13:29:46 2009

cdata (c:\program files (x86)\renesas\hew\tools\renesas\nc308wa\v542r00\lib308\nc382lib.lib)
	Dec  9 13:29:50 2009

fgetc (c:\program files (x86)\renesas\hew\tools\renesas\nc308wa\v542r00\lib308\nc382lib.lib)
	Dec  9 13:29:53 2009


##########################################
# (2) SECTION INFORMATION                #
##########################################
# SECTION                        ATR TYPE    START  LENGTH ALIGN MODULENAME
data_SE                          REL DATA    000400 000000 2     initsct
bss_SE                           REL DATA    000400 000000 2     initsct
data_SO                          REL DATA    000400 000000       initsct
bss_SO                           REL DATA    000400 000000       initsct
data_NE                          REL DATA    000400 00000A 2     atomkernel
                                 REL DATA    00040A 000008 2     atomtimer
                                 REL DATA    000412 000000 2     initsct
bss_NE                           REL DATA    000412 00000C 2     atomport
                                 REL DATA    00041E 000000 2     initsct
                                 REL DATA    00041E 000256 2     sem1
                                 REL DATA    000674 0001D0 2     tests-main
                                 REL DATA    000844 00003C 2     init
                                 REL DATA    000880 000108 2     print
data_NO                          REL DATA    000988 000001       atomkernel
                                 REL DATA    000989 000000       initsct
bss_NO                           REL DATA    000989 000023       atomkernel
                                 REL DATA    0009AC 000000       initsct
                                 REL DATA    0009AC 00000A       sem1
                                 REL DATA    0009B6 000023       tests-main
                                 REL DATA    0009D9 00026A       print
stack                            REL DATA    000C43 000800       resetprg
istack                           REL DATA    001443 000300       resetprg
data_FE                          REL DATA    010000 000000 2     initsct
bss_FE                           REL DATA    010000 000000 2     initsct
data_FO                          REL DATA    010000 000000       initsct
bss_FO                           REL DATA    010000 000000       initsct
rom_FO                           REL ROMDATA FE0000 0001FC       sem1
                                 REL ROMDATA FE01FC 000035       tests-main
                                 REL ROMDATA FE0231 00000A       print
                                 REL ROMDATA FE023B 000101       cdata
data_SEI                         REL ROMDATA FE033C 000000       initsct
data_SOI                         REL ROMDATA FE033C 000000       initsct
data_NEI                         REL ROMDATA FE033C 00000A       atomkernel
                                 REL ROMDATA FE0346 000008       atomtimer
                                 REL ROMDATA FE034E 000000       initsct
data_NOI                         REL ROMDATA FE034E 000001       atomkernel
                                 REL ROMDATA FE034F 000000       initsct
data_FEI                         REL ROMDATA FE034F 000000       initsct
data_FOI                         REL ROMDATA FE034F 000000       initsct
program                          REL CODE    FE0350 0003F6 2     atomkernel
                                 REL CODE    FE0746 0002A4 2     atommutex
                                 REL CODE    FE09EA 000024 2     atomport-asm
                                 REL CODE    FE0A0E 000159 2     atomport
                                 REL CODE    FE0B68 0004D4 2     atomqueue
                                 REL CODE    FE103C 00026E 2     atomsem
                                 REL CODE    FE12AA 0001CC 2     atomtimer
                                 REL CODE    FE1476 000001 2     fvector
                                 REL CODE    FE1478 00004F 2     intprg
                                 REL CODE    FE14C8 0003C9 2     sem1
                                 REL CODE    FE1892 0000EE 2     tests-main
                                 REL CODE    FE1980 00007B 2     init
                                 REL CODE    FE19FC 000098 2     printf
                                 REL CODE    FE1A94 000137 2     device
                                 REL CODE    FE1BCC 000047 2     fputc
                                 REL CODE    FE1C14 001573 2     print
                                 REL CODE    FE3188 000060 2     _f8eq
                                 REL CODE    FE31E8 000086 2     _f8ge
                                 REL CODE    FE326E 000084 2     _f8lt
                                 REL CODE    FE32F2 000258 2     _f8mul
                                 REL CODE    FE354A 000060 2     _f8ne
                                 REL CODE    FE35AA 00001E 2     _i4modu
                                 REL CODE    FE35C8 0000EC 2     _i8divu
                                 REL CODE    FE36B4 0000C9 2     _i8modu
                                 REL CODE    FE377E 0000D4 2     fgetc
interrupt                        REL CODE    FE3852 0001B3 2     initsct
                                 REL CODE    FE3A06 00004D 2     resetprg
vector                           REL ROMDATA FFFD00 000100       atomport-asm
fvector                          ABS ROMDATA FFFFDC 000024       fvector
bss_MON1_E                       REL DATA    1000000 000000 2     initsct
bss_MON2_E                       REL DATA    1000000 000000 2     initsct
bss_MON3_E                       REL DATA    1000000 000000 2     initsct
bss_MON4_E                       REL DATA    1000000 000000 2     initsct
bss_MON1_O                       REL DATA    1000000 000000       initsct
bss_MON2_O                       REL DATA    1000000 000000       initsct
bss_MON3_O                       REL DATA    1000000 000000       initsct
bss_MON4_O                       REL DATA    1000000 000000       initsct
data_MON1_E                      REL DATA    1000000 000000 2     initsct
data_MON1_EI                     REL ROMDATA 1000000 000000       initsct
data_MON2_E                      REL DATA    1000000 000000 2     initsct
data_MON2_EI                     REL ROMDATA 1000000 000000       initsct
data_MON3_E                      REL DATA    1000000 000000 2     initsct
data_MON3_EI                     REL ROMDATA 1000000 000000       initsct
data_MON4_E                      REL DATA    1000000 000000 2     initsct
data_MON4_EI                     REL ROMDATA 1000000 000000       initsct
data_MON1_O                      REL DATA    1000000 000000       initsct
data_MON1_OI                     REL ROMDATA 1000000 000000       initsct
data_MON2_O                      REL DATA    1000000 000000       initsct
data_MON2_OI                     REL ROMDATA 1000000 000000       initsct
data_MON3_O                      REL DATA    1000000 000000       initsct
data_MON3_OI                     REL ROMDATA 1000000 000000       initsct
data_MON4_O                      REL DATA    1000000 000000       initsct
data_MON4_OI                     REL ROMDATA 1000000 000000       initsct
# Total -------------------------------------------------------------------
                                     DATA          0001343(00004931) Byte(s)
                                     ROMDATA       0000473(00001139) Byte(s)
                                     CODE          0003703(00014083) Byte(s)

##########################################
# VARIABLE VECTOR TABLE INFORMATION      #
##########################################
No.  Address               No.  Address               No.  Address
0    __brk                 1    __dummy_int           2    __dummy_int           
3    __dummy_int           4    __dummy_int           5    __dummy_int           
6    __dummy_int           7    __dummy_int           8    __dma0                
9    __dma1                10   __dma2                11   __dma3                
12   __timer_a0            13   __timer_a1            14   __timer_a2            
15   __timer_a3            16   __timer_a4            17   __uart0_trance        
18   __uart0_receive       19   __dummy_int           20   __uart1_receive       
21   __timer_b0            22   __timer_b1            23   __timer_b2            
24   __timer_b3            25   __timer_b4            26   __int5                
27   __int4                28   __int3                29   __int2                
30   __int1                31   __int0                32   __timer_b5            
33   __uart2_trance        34   __uart2_receive       35   __uart3_trance        
36   __uart3_receive       37   __uart4_trance        38   __uart4_receive       
39   __bus_collision_u2    40   __bus_collision_u3    41   __bus_collision_u4    
42   __ad_converter        43   __input_key           44   __intelligent_io_int0  
45   __intelligent_io_int1  46   __intelligent_io_int2  47   __intelligent_io_int3  
48   __intelligent_io_int4  49   __dummy_int           50   __dummy_int           
51   __dummy_int           52   __dummy_int           53   __dummy_int           
54   __dummy_int           55   __dummy_int           56   __dummy_int           
57   __dummy_int           58   __dummy_int           59   __dummy_int           
60   __dummy_int           61   __dummy_int           62   __dummy_int           
63   __dummy_int           

##########################################
# (3) GLOBAL LABEL INFORMATION           #
##########################################
$_pput             fe1b92  $_sput             fe1b7a  $atomIntExit       fe0524
$atomSched         fe0350  $fputc             fe1bcc  $speed             fe1ab2
__ad_converter     fe14ba  __brk              fe1478  __bus_collision_   fe14b4
__bus_collision_   fe14b6  __bus_collision_   fe14b8  __ctype            fe023b
__dma0             fe147a  __dma1             fe147c  __dma2             fe147e
__dma3             fe1480  __dummy_int        fe1476  __f8eq             fe3188
__f8ge             fe31e8  __f8geti           fe2e9c  __f8lt             fe326e
__f8mul            fe32f2  __f8ne             fe354a  __f8prn            fe2870
__i4modU           fe35aa  __i8divU           fe35c8  __i8modU           fe36b4
__init             fe1980  __inmod            fe3072  __input_key        fe14bc
__int0             fe14a4  __int1             fe14a2  __int2             fe14a0
__int3             fe149e  __int4             fe149c  __int5             fe149a
__intelligent_io   fe14be  __intelligent_io   fe14c0  __intelligent_io   fe14c2
__intelligent_io   fe14c4  __intelligent_io   fe14c6  __iob              000844
__istack_top       001743  __pri              fe2dbe  __print            fe1c14
__sget             fe1b6a  __stack_top        001443  __timer_a0         fe1482
__timer_a1         fe1484  __timer_a2         fe1486  __timer_a3         fe1488
__timer_a4         fe148a  __timer_b0         fe1492  __timer_b1         fe1494
__timer_b2         fe09ea  __timer_b3         fe1496  __timer_b4         fe1498
__timer_b5         fe14a6  __uart0_receive    fe148e  __uart0_trance     fe148c
__uart1_receive    fe1490  __uart2_receive    fe14aa  __uart2_trance     fe14a8
__uart3_receive    fe14ae  __uart3_trance     fe14ac  __uart4_receive    fe14b2
__uart4_trance     fe14b0  _archContextSwit   fe0b22  _archFirstThread   fe0b0c
_archThreadConte   fe0a44  _asm_shell_new_t   00041a  _asm_shell_new_t   000412
_asm_shell_old_t   000416  _atomCurrentCont   fe0532  _atomIntEnter      fe051e
_atomMutexCreate   fe0746  _atomMutexDelete   fe076a  _atomMutexGet      fe07f4
_atomMutexPut      fe08fc  _atomOSInit        fe0540  _atomOSStart       fe057c
_atomOSStarted     000988  _atomQueueCreate   fe0b68  _atomQueueDelete   fe0bba
_atomQueueGet      fe0c54  _atomQueuePut      fe0d5a  _atomSemCreate     fe103c
_atomSemDelete     fe105c  _atomSemGet        fe10e6  _atomSemPut        fe11bc
_atomSemResetCou   fe1252  _atomThreadCreat   fe0406  _atomThreadStack   fe04c8
_atomTimeGet       fe1344  _atomTimeSet       fe134a  _atomTimerCancel   fe12ee
_atomTimerDelay    fe1360  _atomTimerRegist   fe12aa  _atomTimerTick     fe1352
_dummy             fe3a52  _exit              fe3a4c  _fgetc             fe377e
_henkan1           fe2d2c  _henkan2           fe2d5c  _init_dev          fe1a94
_init_pin_P0       fe0b4a  _init_prn          fe1b36  _init_timerb2      fe0b48
_initsct           fe3852  _main              fe1892  _printf            fe19fc
_start             fe3a06  _tcbDequeueEntry   fe0670  _tcbDequeueHead    fe062c
_tcbDequeuePrior   fe06fa  _tcbEnqueuePrior   fe05ac  _tcbReadyQ         000400
_test_start        fe14c8  _toggle_pin_P0     fe0b52  

##########################################
# (4) GLOBAL EQU SYMBOL INFORMATION      #
##########################################
__SB__           00000400  

##########################################
# (5) GLOBAL EQU BIT-SYMBOL INFORMATION  #
##########################################

##########################################
# (6) LOCAL LABEL INFORMATION            #
##########################################
@ atomkernel ( E:\projects\atomthreads pull request\atomthreads-master\ports\m32c\hew_tests\hew_tst_sem1\hew_tst_sem1\Debug\atomkernel.r30 )
@ atommutex ( E:\projects\atomthreads pull request\atomthreads-master\ports\m32c\hew_tests\hew_tst_sem1\hew_tst_sem1\Debug\atommutex.r30 )
@ atomport-asm ( E:\projects\atomthreads pull request\atomthreads-master\ports\m32c\hew_tests\hew_tst_sem1\hew_tst_sem1\Debug\atomport-asm.r30 )
@ atomport ( E:\projects\atomthreads pull request\atomthreads-master\ports\m32c\hew_tests\hew_tst_sem1\hew_tst_sem1\Debug\atomport.r30 )
@ atomqueue ( E:\projects\atomthreads pull request\atomthreads-master\ports\m32c\hew_tests\hew_tst_sem1\hew_tst_sem1\Debug\atomqueue.r30 )
@ atomsem ( E:\projects\atomthreads pull request\atomthreads-master\ports\m32c\hew_tests\hew_tst_sem1\hew_tst_sem1\Debug\atomsem.r30 )
@ atomtimer ( E:\projects\atomthreads pull request\atomthreads-master\ports\m32c\hew_tests\hew_tst_sem1\hew_tst_sem1\Debug\atomtimer.r30 )
@ fvector ( E:\projects\atomthreads pull request\atomthreads-master\ports\m32c\hew_tests\hew_tst_sem1\hew_tst_sem1\Debug\fvector.r30 )
@ initsct ( E:\projects\atomthreads pull request\atomthreads-master\ports\m32c\hew_tests\hew_tst_sem1\hew_tst_sem1\Debug\initsct.r30 )
@ intprg ( E:\projects\atomthreads pull request\atomthreads-master\ports\m32c\hew_tests\hew_tst_sem1\hew_tst_sem1\Debug\intprg.r30 )
@ resetprg ( E:\projects\atomthreads pull request\atomthreads-master\ports\m32c\hew_tests\hew_tst_sem1\hew_tst_sem1\Debug\resetprg.r30 )
@ sem1 ( E:\projects\atomthreads pull request\atomthreads-master\ports\m32c\hew_tests\hew_tst_sem1\hew_tst_sem1\Debug\sem1.r30 )
@ tests-main ( E:\projects\atomthreads pull request\atomthreads-master\ports\m32c\hew_tests\hew_tst_sem1\hew_tst_sem1\Debug\tests-main.r30 )
@ init ( c:\program files (x86)\renesas\hew\tools\renesas\nc308wa\v542r00\lib308\nc382lib.lib )
@ printf ( c:\program files (x86)\renesas\hew\tools\renesas\nc308wa\v542r00\lib308\nc382lib.lib )
@ device ( c:\program files (x86)\renesas\hew\tools\renesas\nc308wa\v542r00\lib308\nc382lib.lib )
@ fputc ( c:\program files (x86)\renesas\hew\tools\renesas\nc308wa\v542r00\lib308\nc382lib.lib )
@ print ( c:\program files (x86)\renesas\hew\tools\renesas\nc308wa\v542r00\lib308\nc382lib.lib )
@ _f8eq ( c:\program files (x86)\renesas\hew\tools\renesas\nc308wa\v542r00\lib308\nc382lib.lib )
@ _f8ge ( c:\program files (x86)\renesas\hew\tools\renesas\nc308wa\v542r00\lib308\nc382lib.lib )
@ _f8lt ( c:\program files (x86)\renesas\hew\tools\renesas\nc308wa\v542r00\lib308\nc382lib.lib )
@ _f8mul ( c:\program files (x86)\renesas\hew\tools\renesas\nc308wa\v542r00\lib308\nc382lib.lib )
@ _f8ne ( c:\program files (x86)\renesas\hew\tools\renesas\nc308wa\v542r00\lib308\nc382lib.lib )
@ _i4modu ( c:\program files (x86)\renesas\hew\tools\renesas\nc308wa\v542r00\lib308\nc382lib.lib )
@ _i8divu ( c:\program files (x86)\renesas\hew\tools\renesas\nc308wa\v542r00\lib308\nc382lib.lib )
@ _i8modu ( c:\program files (x86)\renesas\hew\tools\renesas\nc308wa\v542r00\lib308\nc382lib.lib )
@ cdata ( c:\program files (x86)\renesas\hew\tools\renesas\nc308wa\v542r00\lib308\nc382lib.lib )
@ fgetc ( c:\program files (x86)\renesas\hew\tools\renesas\nc308wa\v542r00\lib308\nc382lib.lib )

##########################################
# (7) LOCAL EQU SYMBOL INFORMATION       #
##########################################
@ atomkernel ( E:\projects\atomthreads pull request\atomthreads-master\ports\m32c\hew_tests\hew_tst_sem1\hew_tst_sem1\Debug\atomkernel.r30 )
@ atommutex ( E:\projects\atomthreads pull request\atomthreads-master\ports\m32c\hew_tests\hew_tst_sem1\hew_tst_sem1\Debug\atommutex.r30 )
@ atomport-asm ( E:\projects\atomthreads pull request\atomthreads-master\ports\m32c\hew_tests\hew_tst_sem1\hew_tst_sem1\Debug\atomport-asm.r30 )
@ atomport ( E:\projects\atomthreads pull request\atomthreads-master\ports\m32c\hew_tests\hew_tst_sem1\hew_tst_sem1\Debug\atomport.r30 )
@ atomqueue ( E:\projects\atomthreads pull request\atomthreads-master\ports\m32c\hew_tests\hew_tst_sem1\hew_tst_sem1\Debug\atomqueue.r30 )
@ atomsem ( E:\projects\atomthreads pull request\atomthreads-master\ports\m32c\hew_tests\hew_tst_sem1\hew_tst_sem1\Debug\atomsem.r30 )
@ atomtimer ( E:\projects\atomthreads pull request\atomthreads-master\ports\m32c\hew_tests\hew_tst_sem1\hew_tst_sem1\Debug\atomtimer.r30 )
@ fvector ( E:\projects\atomthreads pull request\atomthreads-master\ports\m32c\hew_tests\hew_tst_sem1\hew_tst_sem1\Debug\fvector.r30 )
@ initsct ( E:\projects\atomthreads pull request\atomthreads-master\ports\m32c\hew_tests\hew_tst_sem1\hew_tst_sem1\Debug\initsct.r30 )
@ intprg ( E:\projects\atomthreads pull request\atomthreads-master\ports\m32c\hew_tests\hew_tst_sem1\hew_tst_sem1\Debug\intprg.r30 )
@ resetprg ( E:\projects\atomthreads pull request\atomthreads-master\ports\m32c\hew_tests\hew_tst_sem1\hew_tst_sem1\Debug\resetprg.r30 )
@ sem1 ( E:\projects\atomthreads pull request\atomthreads-master\ports\m32c\hew_tests\hew_tst_sem1\hew_tst_sem1\Debug\sem1.r30 )
@ tests-main ( E:\projects\atomthreads pull request\atomthreads-master\ports\m32c\hew_tests\hew_tst_sem1\hew_tst_sem1\Debug\tests-main.r30 )
@ init ( c:\program files (x86)\renesas\hew\tools\renesas\nc308wa\v542r00\lib308\nc382lib.lib )
@ printf ( c:\program files (x86)\renesas\hew\tools\renesas\nc308wa\v542r00\lib308\nc382lib.lib )
@ device ( c:\program files (x86)\renesas\hew\tools\renesas\nc308wa\v542r00\lib308\nc382lib.lib )
@ fputc ( c:\program files (x86)\renesas\hew\tools\renesas\nc308wa\v542r00\lib308\nc382lib.lib )
@ print ( c:\program files (x86)\renesas\hew\tools\renesas\nc308wa\v542r00\lib308\nc382lib.lib )
@ _f8eq ( c:\program files (x86)\renesas\hew\tools\renesas\nc308wa\v542r00\lib308\nc382lib.lib )
@ _f8ge ( c:\program files (x86)\renesas\hew\tools\renesas\nc308wa\v542r00\lib308\nc382lib.lib )
@ _f8lt ( c:\program files (x86)\renesas\hew\tools\renesas\nc308wa\v542r00\lib308\nc382lib.lib )
@ _f8mul ( c:\program files (x86)\renesas\hew\tools\renesas\nc308wa\v542r00\lib308\nc382lib.lib )
@ _f8ne ( c:\program files (x86)\renesas\hew\tools\renesas\nc308wa\v542r00\lib308\nc382lib.lib )
@ _i4modu ( c:\program files (x86)\renesas\hew\tools\renesas\nc308wa\v542r00\lib308\nc382lib.lib )
@ _i8divu ( c:\program files (x86)\renesas\hew\tools\renesas\nc308wa\v542r00\lib308\nc382lib.lib )
@ _i8modu ( c:\program files (x86)\renesas\hew\tools\renesas\nc308wa\v542r00\lib308\nc382lib.lib )
@ cdata ( c:\program files (x86)\renesas\hew\tools\renesas\nc308wa\v542r00\lib308\nc382lib.lib )
@ fgetc ( c:\program files (x86)\renesas\hew\tools\renesas\nc308wa\v542r00\lib308\nc382lib.lib )

##########################################
# (8) LOCAL EQU BIT-SYMBOL INFORMATION   #
##########################################
@ atomkernel ( E:\projects\atomthreads pull request\atomthreads-master\ports\m32c\hew_tests\hew_tst_sem1\hew_tst_sem1\Debug\atomkernel.r30 )
@ atommutex ( E:\projects\atomthreads pull request\atomthreads-master\ports\m32c\hew_tests\hew_tst_sem1\hew_tst_sem1\Debug\atommutex.r30 )
@ atomport-asm ( E:\projects\atomthreads pull request\atomthreads-master\ports\m32c\hew_tests\hew_tst_sem1\hew_tst_sem1\Debug\atomport-asm.r30 )
@ atomport ( E:\projects\atomthreads pull request\atomthreads-master\ports\m32c\hew_tests\hew_tst_sem1\hew_tst_sem1\Debug\atomport.r30 )
@ atomqueue ( E:\projects\atomthreads pull request\atomthreads-master\ports\m32c\hew_tests\hew_tst_sem1\hew_tst_sem1\Debug\atomqueue.r30 )
@ atomsem ( E:\projects\atomthreads pull request\atomthreads-master\ports\m32c\hew_tests\hew_tst_sem1\hew_tst_sem1\Debug\atomsem.r30 )
@ atomtimer ( E:\projects\atomthreads pull request\atomthreads-master\ports\m32c\hew_tests\hew_tst_sem1\hew_tst_sem1\Debug\atomtimer.r30 )
@ fvector ( E:\projects\atomthreads pull request\atomthreads-master\ports\m32c\hew_tests\hew_tst_sem1\hew_tst_sem1\Debug\fvector.r30 )
@ initsct ( E:\projects\atomthreads pull request\atomthreads-master\ports\m32c\hew_tests\hew_tst_sem1\hew_tst_sem1\Debug\initsct.r30 )
@ intprg ( E:\projects\atomthreads pull request\atomthreads-master\ports\m32c\hew_tests\hew_tst_sem1\hew_tst_sem1\Debug\intprg.r30 )
@ resetprg ( E:\projects\atomthreads pull request\atomthreads-master\ports\m32c\hew_tests\hew_tst_sem1\hew_tst_sem1\Debug\resetprg.r30 )
@ sem1 ( E:\projects\atomthreads pull request\atomthreads-master\ports\m32c\hew_tests\hew_tst_sem1\hew_tst_sem1\Debug\sem1.r30 )
@ tests-main ( E:\projects\atomthreads pull request\atomthreads-master\ports\m32c\hew_tests\hew_tst_sem1\hew_tst_sem1\Debug\tests-main.r30 )
@ init ( c:\program files (x86)\renesas\hew\tools\renesas\nc308wa\v542r00\lib308\nc382lib.lib )
@ printf ( c:\program files (x86)\renesas\hew\tools\renesas\nc308wa\v542r00\lib308\nc382lib.lib )
@ device ( c:\program files (x86)\renesas\hew\tools\renesas\nc308wa\v542r00\lib308\nc382lib.lib )
@ fputc ( c:\program files (x86)\renesas\hew\tools\renesas\nc308wa\v542r00\lib308\nc382lib.lib )
@ print ( c:\program files (x86)\renesas\hew\tools\renesas\nc308wa\v542r00\lib308\nc382lib.lib )
@ _f8eq ( c:\program files (x86)\renesas\hew\tools\renesas\nc308wa\v542r00\lib308\nc382lib.lib )
@ _f8ge ( c:\program files (x86)\renesas\hew\tools\renesas\nc308wa\v542r00\lib308\nc382lib.lib )
@ _f8lt ( c:\program files (x86)\renesas\hew\tools\renesas\nc308wa\v542r00\lib308\nc382lib.lib )
@ _f8mul ( c:\program files (x86)\renesas\hew\tools\renesas\nc308wa\v542r00\lib308\nc382lib.lib )
@ _f8ne ( c:\program files (x86)\renesas\hew\tools\renesas\nc308wa\v542r00\lib308\nc382lib.lib )
@ _i4modu ( c:\program files (x86)\renesas\hew\tools\renesas\nc308wa\v542r00\lib308\nc382lib.lib )
@ _i8divu ( c:\program files (x86)\renesas\hew\tools\renesas\nc308wa\v542r00\lib308\nc382lib.lib )
@ _i8modu ( c:\program files (x86)\renesas\hew\tools\renesas\nc308wa\v542r00\lib308\nc382lib.lib )
@ cdata ( c:\program files (x86)\renesas\hew\tools\renesas\nc308wa\v542r00\lib308\nc382lib.lib )
@ fgetc ( c:\program files (x86)\renesas\hew\tools\renesas\nc308wa\v542r00\lib308\nc382lib.lib )

*** Mapping List ***

SECTION                            START      END         SIZE   ALIGN

data_SE
                                  00000400  00000400         0   2
bss_SE
                                  00000400  00000400         0   2
data_SO
                                  00000400  00000400         0   1
bss_SO
                                  00000400  00000400         0   1
data_NE
                                  00000400  00000411        12   2
bss_NE
                                  00000412  00000987       576   2
data_NO
                                  00000988  00000988         1   1
bss_NO
                                  00000989  00000c42       2ba   1
stack
                                  00000c43  00001442       800   1
istack
                                  00001443  00001742       300   1
data_FE
                                  00010000  00010000         0   2
bss_FE
                                  00010000  00010000         0   2
data_FO
                                  00010000  00010000         0   1
bss_FO
                                  00010000  00010000         0   1
rom_FO
                                  00fe0000  00fe033b       33c   1
data_SEI
                                  00fe033c  00fe033c         0   1
data_SOI
                                  00fe033c  00fe033c         0   1
data_NEI
                                  00fe033c  00fe034d        12   1
data_NOI
                                  00fe034e  00fe034e         1   1
data_FEI
                                  00fe034f  00fe034f         0   1
data_FOI
                                  00fe034f  00fe034f         0   1
program
                                  00fe0350  00fe3851      3502   2
interrupt
                                  00fe3852  00fe3a52       201   2
vector
                                  00fffd00  00fffdff       100   1
fvector
                                  00ffffdc  00ffffff        24   1
bss_MON1_E
                                  01000000  01000000         0   2
bss_MON2_E
                                  01000000  01000000         0   2
bss_MON3_E
                                  01000000  01000000         0   2
bss_MON4_E
                                  01000000  01000000         0   2
bss_MON1_O
                                  01000000  01000000         0   1
bss_MON2_O
                                  01000000  01000000         0   1
bss_MON3_O
                                  01000000  01000000         0   1
bss_MON4_O
                                  01000000  01000000         0   1
data_MON1_E
                                  01000000  01000000         0   2
data_MON1_EI
                                  01000000  01000000         0   1
data_MON2_E
                                  01000000  01000000         0   2
data_MON2_EI
                                  01000000  01000000         0   1
data_MON3_E
                                  01000000  01000000         0   2
data_MON3_EI
                                  01000000  01000000         0   1
data_MON4_E
                                  01000000  01000000         0   2
data_MON4_EI
                                  01000000  01000000         0   1
data_MON1_O
                                  01000000  01000000         0   1
data_MON1_OI
                                  01000000  01000000         0   1
data_MON2_O
                                  01000000  01000000         0   1
data_MON2_OI
                                  01000000  01000000         0   1
data_MON3_O
                                  01000000  01000000         0   1
data_MON3_OI
                                  01000000  01000000         0   1
data_MON4_O
                                  01000000  01000000         0   1
data_MON4_OI
                                  01000000  01000000         0   1

*** Symbol List ***

SECTION=
FILE=                               START        END    SIZE
  SYMBOL                            ADDR        SIZE    INFO      COUNTS  OPT

SECTION=data_NE
FILE=E:/projects/atomthreads pull request/atomthreads-master/kernel/atomkernel
                                  00000400  00000409         a
  _tcbReadyQ
                                  00000400         4   data ,g         0
  __SB__
                                  00000400         1   data ,g         0

SECTION=bss_NE
FILE=E:/projects/atomthreads pull request/atomthreads-master/ports/m32c/atomport
                                  00000412  0000041d         c
  _asm_shell_new_tcb_ptr
                                  00000412         4   data ,g         0
  _asm_shell_old_tcb
                                  00000416         4   data ,g         0
  _asm_shell_new_tcb
                                  0000041a         4   data ,g         0

FILE=init
                                  00000844  0000087f        3c
  __iob
                                  00000844         0   none ,g         0

SECTION=data_NO
FILE=E:/projects/atomthreads pull request/atomthreads-master/kernel/atomkernel
                                  00000988  00000988         1
  _atomOSStarted
                                  00000988         1   data ,g         0

SECTION=istack
FILE=E:/projects/atomthreads pull request/atomthreads-master/ports/m32c/hew_tests/hew_tst_sem1/hew_tst_sem1/resetprg
                                  00001443  00001742       300
  __stack_top
                                  00001443         0   none ,g         0

SECTION=rom_FO
FILE=cdata
                                  00fe023b  00fe033b       101
  __ctype
                                  00fe023b         0   none ,g         0

SECTION=program
FILE=E:/projects/atomthreads pull request/atomthreads-master/kernel/atomkernel
                                  00fe0350  00fe0745       3f6
  $atomSched
                                  00fe0350        93   func ,g         0
  _atomThreadCreate
                                  00fe0406        c2   func ,g         0
  _atomThreadStackCheck
                                  00fe04c8        56   func ,g         0
  _atomIntEnter
                                  00fe051e         5   func ,g         0
  $atomIntExit
                                  00fe0524         f   func ,g         0
  _atomCurrentContext
                                  00fe0532         e   func ,g         0
  _atomOSInit
                                  00fe0540        3c   func ,g         0
  _atomOSStart
                                  00fe057c        29   func ,g         0
  _tcbEnqueuePriority
                                  00fe05ac        81   func ,g         0
  _tcbDequeueHead
                                  00fe062c        44   func ,g         0
  _tcbDequeueEntry
                                  00fe0670        8a   func ,g         0
  _tcbDequeuePriority
                                  00fe06fa        4c   func ,g         0

FILE=E:/projects/atomthreads pull request/atomthreads-master/kernel/atommutex
                                  00fe0746  00fe09e9       2a4
  _atomMutexCreate
                                  00fe0746        24   func ,g         0
  _atomMutexDelete
                                  00fe076a        89   func ,g         0
  _atomMutexGet
                                  00fe07f4       109   func ,g         0
  _atomMutexPut
                                  00fe08fc        b0   func ,g         0

FILE=atomport-asm
                                  00fe09ea  00fe0a0d        24
  __timer_b2
                                  00fe09ea         0   none ,g         0

FILE=E:/projects/atomthreads pull request/atomthreads-master/ports/m32c/atomport
                                  00fe0a0e  00fe0b66       159
  _archThreadContextInit
                                  00fe0a44        c8   func ,g         0
  _archFirstThreadRestore
                                  00fe0b0c        17   func ,g         0
  _archContextSwitch
                                  00fe0b22        26   func ,g         0
  _init_timerb2
                                  00fe0b48         1   func ,g         0
  _init_pin_P0
                                  00fe0b4a         9   func ,g         0
  _toggle_pin_P0
                                  00fe0b52        15   func ,g         0

FILE=E:/projects/atomthreads pull request/atomthreads-master/kernel/atomqueue
                                  00fe0b68  00fe103b       4d4
  _atomQueueCreate
                                  00fe0b68        52   func ,g         0
  _atomQueueDelete
                                  00fe0bba        9a   func ,g         0
  _atomQueueGet
                                  00fe0c54       106   func ,g         0
  _atomQueuePut
                                  00fe0d5a       100   func ,g         0

FILE=E:/projects/atomthreads pull request/atomthreads-master/kernel/atomsem
                                  00fe103c  00fe12a9       26e
  _atomSemCreate
                                  00fe103c        1f   func ,g         0
  _atomSemDelete
                                  00fe105c        8a   func ,g         0
  _atomSemGet
                                  00fe10e6        d7   func ,g         0
  _atomSemPut
                                  00fe11bc        95   func ,g         0
  _atomSemResetCount
                                  00fe1252        1a   func ,g         0

FILE=E:/projects/atomthreads pull request/atomthreads-master/kernel/atomtimer
                                  00fe12aa  00fe1475       1cc
  _atomTimerRegister
                                  00fe12aa        44   func ,g         0
  _atomTimerCancel
                                  00fe12ee        56   func ,g         0
  _atomTimeGet
                                  00fe1344         5   func ,g         0
  _atomTimeSet
                                  00fe134a         9   func ,g         0
  _atomTimerTick
                                  00fe1352         d   func ,g         0
  _atomTimerDelay
                                  00fe1360        66   func ,g         0

FILE=E:/projects/atomthreads pull request/atomthreads-master/ports/m32c/hew_tests/hew_tst_sem1/hew_tst_sem1/fvector
                                  00fe1476  00fe1476         1
  __dummy_int
                                  00fe1476         1   func ,g         0

FILE=E:/projects/atomthreads pull request/atomthreads-master/ports/m32c/hew_tests/hew_tst_sem1/hew_tst_sem1/intprg
                                  00fe1478  00fe14c6        4f
  __brk
                                  00fe1478         1   func ,g         0
  __dma0
                                  00fe147a         2   func ,g         0
  __dma1
                                  00fe147c         2   func ,g         0
  __dma2
                                  00fe147e         2   func ,g         0
  __dma3
                                  00fe1480         2   func ,g         0
  __timer_a0
                                  00fe1482         2   func ,g         0
  __timer_a1
                                  00fe1484         2   func ,g         0
  __timer_a2
                                  00fe1486         2   func ,g         0
  __timer_a3
                                  00fe1488         2   func ,g         0
  __timer_a4
                                  00fe148a         2   func ,g         0
  __uart0_trance
                                  00fe148c         2   func ,g         0
  __uart0_receive
                                  00fe148e         2   func ,g         0
  __uart1_receive
                                  00fe1490         2   func ,g         0
  __timer_b0
                                  00fe1492         2   func ,g         0
  __timer_b1
                                  00fe1494         2   func ,g         0
  __timer_b3
                                  00fe1496         2   func ,g         0
  __timer_b4
                                  00fe1498         2   func ,g         0
  __int5
                                  00fe149a         2   func ,g         0
  __int4
                                  00fe149c         2   func ,g         0
  __int3
                                  00fe149e         2   func ,g         0
  __int2
                                  00fe14a0         2   func ,g         0
  __int1
                                  00fe14a2         2   func ,g         0
  __int0
                                  00fe14a4         2   func ,g         0
  __timer_b5
                                  00fe14a6         2   func ,g         0
  __uart2_trance
                                  00fe14a8         2   func ,g         0
  __uart2_receive
                                  00fe14aa         2   func ,g         0
  __uart3_trance
                                  00fe14ac         2   func ,g         0
  __uart3_receive
                                  00fe14ae         2   func ,g         0
  __uart4_trance
                                  00fe14b0         2   func ,g         0
  __uart4_receive
                                  00fe14b2         2   func ,g         0
  __bus_collision_u2
                                  00fe14b4         2   func ,g         0
  __bus_collision_u3
                                  00fe14b6         2   func ,g         0
  __bus_collision_u4
                                  00fe14b8         2   func ,g         0
  __ad_converter
                                  00fe14ba         2   func ,g         0
  __input_key
                                  00fe14bc         2   func ,g         0
  __intelligent_io_int0
                                  00fe14be         2   func ,g         0
  __intelligent_io_int1
                                  00fe14c0         2   func ,g         0
  __intelligent_io_int2
                                  00fe14c2         2   func ,g         0
  __intelligent_io_int3
                                  00fe14c4         2   func ,g         0

FILE=E:/projects/atomthreads pull request/atomthreads-master/tests/sem1
                                  00fe14c8  00fe1890       3c9
  _test_start
                                  00fe14c8       30f   func ,g         0

FILE=E:/projects/atomthreads pull request/atomthreads-master/ports/m32c/tests-main
                                  00fe1892  00fe197f        ee
  _main
                                  00fe1892        5a   func ,g         0

FILE=init
                                  00fe1980  00fe19fa        7b
  __init
                                  00fe1980        7b   func ,g         0

FILE=printf
                                  00fe19fc  00fe1a93        98
  _printf
                                  00fe19fc        8c   func ,g         0

FILE=device
                                  00fe1a94  00fe1bca       137
  _init_dev
                                  00fe1a94        1d   func ,g         0
  $speed
                                  00fe1ab2        85   func ,g         0
  _init_prn
                                  00fe1b36        33   func ,g         0
  __sget
                                  00fe1b6a        10   func ,g         0
  $_sput
                                  00fe1b7a        19   func ,g         0
  $_pput
                                  00fe1b92        39   func ,g         0

FILE=fputc
                                  00fe1bcc  00fe1c12        47
  $fputc
                                  00fe1bcc        47   func ,g         0

FILE=print
                                  00fe1c14  00fe3186      1573
  __print
                                  00fe1c14       c5c   func ,g         0
  __f8prn
                                  00fe2870       4bc   func ,g         0
  _henkan1
                                  00fe2d2c        30   func ,g         0
  _henkan2
                                  00fe2d5c        62   func ,g         0
  __pri
                                  00fe2dbe        dd   func ,g         0
  __f8geti
                                  00fe2e9c       1d7   func ,g         0
  __inmod
                                  00fe3072       115   func ,g         0

FILE=_f8eq
                                  00fe3188  00fe31e7        60
  __f8eq
                                  00fe3188        60   func ,g         0

FILE=_f8ge
                                  00fe31e8  00fe326d        86
  __f8ge
                                  00fe31e8        86   func ,g         0

FILE=_f8lt
                                  00fe326e  00fe32f1        84
  __f8lt
                                  00fe326e        84   func ,g         0

FILE=_f8mul
                                  00fe32f2  00fe3549       258
  __f8mul
                                  00fe32f2       258   func ,g         0

FILE=_f8ne
                                  00fe354a  00fe35a9        60
  __f8ne
                                  00fe354a        60   func ,g         0

FILE=_i4modu
                                  00fe35aa  00fe35c7        1e
  __i4modU
                                  00fe35aa        1e   func ,g         0

FILE=_i8divu
                                  00fe35c8  00fe36b3        ec
  __i8divU
                                  00fe35c8        ec   func ,g         0

FILE=_i8modu
                                  00fe36b4  00fe377c        c9
  __i8modU
                                  00fe36b4        c9   func ,g         0

FILE=fgetc
                                  00fe377e  00fe3851        d4
  _fgetc
                                  00fe377e        d4   func ,g         0

SECTION=interrupt
FILE=E:/projects/atomthreads pull request/atomthreads-master/ports/m32c/hew_tests/hew_tst_sem1/hew_tst_sem1/initsct
                                  00fe3852  00fe3a04       1b3
  _initsct
                                  00fe3852       1b3   func ,g         0

FILE=E:/projects/atomthreads pull request/atomthreads-master/ports/m32c/hew_tests/hew_tst_sem1/hew_tst_sem1/resetprg
                                  00fe3a06  00fe3a52        4d
  _start
                                  00fe3a06        45   func ,g         0
  _exit
                                  00fe3a4c         6   func ,g         0

